CRISPResso version 2.3.1
[Command used]:
/Users/trevormartin/micromamba/envs/c2env/bin/CRISPResso -r1 ./PSB.fastq --auto --place_report_in_output_folder --debug -p max

[Execution log]:
Traceback (most recent call last):
  File "/Users/trevormartin/Documents/Edilytics/CRISPResso2/CRISPResso2/CRISPRessoShared.py", line 345, in check_file
    with open(filename):
         ^^^^^^^^^^^^^^
FileNotFoundError: [Errno 2] No such file or directory: './PSB.fastq'

During handling of the above exception, another exception occurred:

Traceback (most recent call last):
  File "/Users/trevormartin/Documents/Edilytics/CRISPResso2/CRISPResso2/CRISPRessoCORE.py", line 1431, in main
    CRISPRessoShared.check_file(args.fastq_r1)
  File "/Users/trevormartin/Documents/Edilytics/CRISPResso2/CRISPResso2/CRISPRessoShared.py", line 365, in check_file
    raise BadParameterException(
CRISPResso2.CRISPRessoShared.BadParameterException: The specified file './PSB.fastq' cannot be opened.
Available files in current directory:
	CRISPRessoMeta.py
	Dockerfile
	tests
	CRISPRessoCompare.py
	MANIFEST.in
	README.md
	CRISPRessoAggregate.py
	build.sh
	setup.py
	.dockerignore
	.gitignore
	CRISPRessoWGS.py
	CRISPResso2
	CRISPResso2.egg-info
	CRISPResso.py
	(Complete listing truncated)
Available files in .:
	CRISPRessoMeta.py
	Dockerfile
	tests
	CRISPRessoCompare.py
	MANIFEST.in
	README.md
	CRISPRessoAggregate.py
	build.sh
	setup.py
	.dockerignore
	.gitignore
	CRISPRessoWGS.py
	CRISPResso2
	CRISPResso2.egg-info
	CRISPResso.py
	(Complete listing truncated)

Parameter error, please check your input.

ERROR: The specified file './PSB.fastq' cannot be opened.
Available files in current directory:
	CRISPRessoMeta.py
	Dockerfile
	tests
	CRISPRessoCompare.py
	MANIFEST.in
	README.md
	CRISPRessoAggregate.py
	build.sh
	setup.py
	.dockerignore
	.gitignore
	CRISPRessoWGS.py
	CRISPResso2
	CRISPResso2.egg-info
	CRISPResso.py
	(Complete listing truncated)
Available files in .:
	CRISPRessoMeta.py
	Dockerfile
	tests
	CRISPRessoCompare.py
	MANIFEST.in
	README.md
	CRISPRessoAggregate.py
	build.sh
	setup.py
	.dockerignore
	.gitignore
	CRISPRessoWGS.py
	CRISPResso2
	CRISPResso2.egg-info
	CRISPResso.py
	(Complete listing truncated)
